Starting a Gradle Daemon, 2 incompatible Daemons could not be reused, use --status for details
.\gradlew.bat : 
At line:1 char:76
+ ... ations\mobile-final-project; .\gradlew.bat assembleDebug 2>&1 | tee b ...
+                                  ~~~~~~~~~~~~~~~~~~~~~~~~~~~~~~~~
    + CategoryInfo          : NotSpecified: (:String) [], RemoteException
    + FullyQualifiedErrorId : NativeCommandError
 
FAILURE: Build failed with an exception.

* What went wrong:
Gradle requires JVM 17 or later to run. Your build is currently configured to use JVM 8.

* Try:
> Run with --stacktrace option to get the stack trace.
> Run with --info or --debug option to get more log output.
> Run with --scan to generate a Build Scan (Powered by Develocity).
> Get more help at https://help.gradle.org.
